../img_crop/card-page001.png
../img_crop/card-page001.png
../img_crop/card-page001.png
../img_crop/card-page002.png
../img_crop/card-page003.png
../img_crop/card-page003.png
../img_crop/card-page004.png
../img_crop/card-page004.png
../img_crop/card-page004.png
../img_crop/card-page005.png
../img_crop/card-page005.png
../img_crop/card-page005.png
../img_crop/card-page005.png
../img_crop/card-page006.png
../img_crop/card-page007.png
../img_crop/card-page008.png
../img_crop/card-page008.png
../img_crop/card-page009.png
../img_crop/card-page009.png
../img_crop/card-page009.png
../img_crop/card-page010.png
../img_crop/card-page011.png
../img_crop/card-page012.png
../img_crop/card-page012.png
../img_crop/card-page013.png
../img_crop/card-page014.png
../img_crop/card-page014.png
../img_crop/card-page015.png
../img_crop/card-page016.png
../img_crop/card-page016.png
../img_crop/card-page016.png
../img_crop/card-page016.png
../img_crop/card-page017.png
../img_crop/card-page018.png
../img_crop/card-page018.png
../img_crop/card-page019.png
../img_crop/card-page020.png
../img_crop/card-page020.png
../img_crop/card-page021.png
../img_crop/card-page021.png
../img_crop/card-page021.png
../img_crop/card-page021.png
../img_crop/card-page022.png
../img_crop/card-page022.png
../img_crop/card-page023.png
../img_crop/card-page023.png
../img_crop/card-page023.png
../img_crop/card-page024.png
../img_crop/card-page025.png
../img_crop/card-page025.png
../img_crop/card-page026.png
../img_crop/card-page027.png
../img_crop/card-page027.png
../img_crop/card-page027.png
../img_crop/card-page028.png
../img_crop/card-page029.png
../img_crop/card-page029.png
../img_crop/card-page029.png
../img_crop/card-page030.png
../img_crop/card-page031.png
../img_crop/card-page031.png
../img_crop/card-page032.png
../img_crop/card-page033.png
../img_crop/card-page034.png
../img_crop/card-page034.png
../img_crop/card-page034.png
../img_crop/card-page035.png
../img_crop/card-page036.png
../img_crop/card-page037.png
../img_crop/card-page038.png
../img_crop/card-page039.png
../img_crop/card-page040.png
../img_crop/card-page041.png
../img_crop/card-page042.png
../img_crop/card-page043.png
../img_crop/card-page044.png
../img_crop/card-page045.png
../img_crop/card-page046.png
../img_crop/card-page047.png
../img_crop/card-page048.png
../img_crop/card-page049.png
../img_crop/card-page050.png
../img_crop/card-page051.png
../img_crop/card-page052.png
../img_crop/card-page053.png
../img_crop/card-page054.png
../img_crop/card-page055.png
../img_crop/card-page056.png
../img_crop/card-page057.png
../img_crop/card-page058.png
../img_crop/card-page059.png
../img_crop/card-page060.png
../img_crop/card-page061.png
../img_crop/card-page062.png
../img_crop/card-page063.png
../img_crop/card-page064.png
../img_crop/card-page065.png
../img_crop/card-page066.png
../img_crop/card-page067.png
../img_crop/card-page068.png
../img_crop/card-page069.png
../img_crop/card-page070.png
../img_crop/card-page071.png
../img_crop/card-page071.png
../img_crop/card-page071.png
../img_crop/card-page071.png
../img_crop/card-page071.png
../img_crop/card-page072.png
../img_crop/card-page073.png
../img_crop/card-page073.png
../img_crop/card-page073.png
../img_crop/card-page074.png
../img_crop/card-page074.png
../img_crop/card-page074.png
../img_crop/card-page075.png
../img_crop/card-page075.png
../img_crop/card-page076.png
../img_crop/card-page077.png
../img_crop/card-page077.png
../img_crop/card-page077.png
../img_crop/card-page077.png
../img_crop/card-page077.png
../img_crop/card-page078.png
../img_crop/card-page078.png
../img_crop/card-page079.png
../img_crop/card-page080.png
../img_crop/card-page080.png
../img_crop/card-page080.png
../img_crop/card-page080.png
../img_crop/card-page080.png
../img_crop/card-page081.png
../img_crop/card-page082.png
../img_crop/card-page082.png
../img_crop/card-page082.png
../img_crop/card-page083.png
../img_crop/card-page083.png
../img_crop/card-page083.png
../img_crop/card-page084.png
../img_crop/card-page084.png
../img_crop/card-page084.png
../img_crop/card-page084.png
../img_crop/card-page084.png
../img_crop/card-page085.png
../img_crop/card-page086.png
../img_crop/card-page086.png
../img_crop/card-page086.png
../img_crop/card-page086.png
../img_crop/card-page086.png
../img_crop/card-page087.png
../img_crop/card-page087.png
../img_crop/card-page087.png
../img_crop/card-page087.png
../img_crop/card-page087.png
../img_crop/card-page088.png
../img_crop/card-page088.png
../img_crop/card-page088.png
../img_crop/card-page089.png
../img_crop/card-page090.png
../img_crop/card-page090.png
../img_crop/card-page090.png
../img_crop/card-page091.png
../img_crop/card-page091.png
../img_crop/card-page091.png
../img_crop/card-page091.png
../img_crop/card-page091.png
../img_crop/card-page092.png
../img_crop/card-page092.png
../img_crop/card-page092.png
../img_crop/card-page092.png
../img_crop/card-page092.png
../img_crop/card-page093.png
../img_crop/card-page094.png
../img_crop/card-page094.png
../img_crop/card-page094.png
../img_crop/card-page094.png
../img_crop/card-page094.png
../img_crop/card-page095.png
../img_crop/card-page095.png
../img_crop/card-page095.png
../img_crop/card-page095.png
../img_crop/card-page095.png
../img_crop/card-page096.png
../img_crop/card-page096.png
../img_crop/card-page096.png
../img_crop/card-page096.png
../img_crop/card-page096.png
../img_crop/card-page097.png
../img_crop/card-page098.png
../img_crop/card-page098.png
../img_crop/card-page098.png
../img_crop/card-page098.png
../img_crop/card-page098.png
../img_crop/card-page099.png
../img_crop/card-page099.png
../img_crop/card-page099.png
../img_crop/card-page100.png
../img_crop/card-page100.png
../img_crop/card-page100.png
../img_crop/card-page101.png
../img_crop/card-page102.png
../img_crop/card-page102.png
../img_crop/card-page102.png
../img_crop/card-page102.png
../img_crop/card-page102.png
../img_crop/card-page103.png
../img_crop/card-page103.png
../img_crop/card-page103.png
../img_crop/card-page103.png
../img_crop/card-page103.png
../img_crop/card-page104.png
../img_crop/card-page104.png
../img_crop/card-page104.png
../img_crop/card-page105.png
../img_crop/card-page106.png
../img_crop/card-page106.png
../img_crop/card-page106.png
../img_crop/card-page107.png
../img_crop/card-page107.png
../img_crop/card-page107.png
../img_crop/card-page107.png
../img_crop/card-page107.png
../img_crop/card-page108.png
../img_crop/card-page108.png
../img_crop/card-page108.png
../img_crop/card-page108.png
../img_crop/card-page108.png
../img_crop/card-page109.png
../img_crop/card-page110.png
../img_crop/card-page110.png
../img_crop/card-page110.png
../img_crop/card-page110.png
../img_crop/card-page110.png
../img_crop/card-page111.png
../img_crop/card-page111.png
../img_crop/card-page111.png
../img_crop/card-page111.png
../img_crop/card-page111.png
../img_crop/card-page112.png
../img_crop/card-page113.png
../img_crop/card-page114.png
../img_crop/card-page115.png
../img_crop/card-page115.png
../img_crop/card-page115.png
../img_crop/card-page115.png
../img_crop/card-page115.png
../img_crop/card-page116.png
../img_crop/card-page117.png
../img_crop/card-page117.png
../img_crop/card-page117.png
../img_crop/card-page117.png
../img_crop/card-page117.png
../img_crop/card-page117.png
../img_crop/card-page117.png
../img_crop/card-page118.png
../img_crop/card-page119.png
../img_crop/card-page120.png
../img_crop/card-page121.png
../img_crop/card-page122.png
../img_crop/card-page123.png
../img_crop/card-page123.png
../img_crop/card-page123.png
../img_crop/card-page123.png
../img_crop/card-page123.png
../img_crop/card-page124.png
../img_crop/card-page125.png
../img_crop/card-page125.png
../img_crop/card-page125.png
../img_crop/card-page125.png
../img_crop/card-page125.png
../img_crop/card-page126.png
../img_crop/card-page126.png
../img_crop/card-page126.png
../img_crop/card-page126.png
../img_crop/card-page126.png
../img_crop/card-page127.png
../img_crop/card-page127.png
../img_crop/card-page127.png
../img_crop/card-page127.png
../img_crop/card-page127.png
../img_crop/card-page128.png
../img_crop/card-page129.png
../img_crop/card-page129.png
../img_crop/card-page129.png
../img_crop/card-page130.png
../img_crop/card-page130.png
../img_crop/card-page130.png
../img_crop/card-page131.png
../img_crop/card-page131.png
../img_crop/card-page131.png
../img_crop/card-page132.png
../img_crop/card-page133.png
../img_crop/card-page133.png
../img_crop/card-page133.png
../img_crop/card-page133.png
../img_crop/card-page133.png
../img_crop/card-page134.png
../img_crop/card-page134.png
../img_crop/card-page134.png
../img_crop/card-page134.png
../img_crop/card-page134.png
../img_crop/card-page135.png
../img_crop/card-page135.png
../img_crop/card-page135.png
../img_crop/card-page135.png
../img_crop/card-page135.png
../img_crop/card-page136.png
../img_crop/card-page137.png
../img_crop/card-page137.png
../img_crop/card-page137.png
../img_crop/card-page137.png
../img_crop/card-page137.png
../img_crop/card-page138.png
../img_crop/card-page138.png
../img_crop/card-page138.png
../img_crop/card-page139.png
../img_crop/card-page140.png
../img_crop/card-page140.png
../img_crop/card-page140.png
../img_crop/card-page141.png
../img_crop/card-page141.png
../img_crop/card-page141.png
../img_crop/card-page142.png
../img_crop/card-page142.png
../img_crop/card-page142.png
../img_crop/card-page143.png
../img_crop/card-page143.png
../img_crop/card-page143.png
../img_crop/card-page144.png
../img_crop/card-page144.png
../img_crop/card-page144.png
../img_crop/card-page145.png
../img_crop/card-page145.png
../img_crop/card-page145.png
../img_crop/card-page146.png
../img_crop/card-page146.png
../img_crop/card-page147.png
../img_crop/card-page147.png
../img_crop/card-page147.png
../img_crop/card-page148.png
../img_crop/card-page181.png
../img_crop/card-page182.png
../img_crop/card-page183.png
../img_crop/card-page184.png
../img_crop/card-page185.png
../img_crop/card-page186.png
../img_crop/card-page187.png
../img_crop/card-page188.png
../img_crop/card-page189.png
../img_crop/card-page190.png
../img_crop/card-page191.png
../img_crop/card-page192.png
../img_crop/card-page193.png
../img_crop/card-page194.png
../img_crop/card-page195.png
../img_crop/card-page196.png
../img_crop/card-page197.png
../img_crop/card-page198.png
../img_crop/card-page199.png
../img_crop/card-page200.png
../img_crop/card-page201.png
../img_crop/card-page202.png
../img_crop/card-page203.png
../img_crop/card-page204.png
../img_crop/card-page205.png
../img_crop/card-page206.png
../img_crop/card-page207.png
../img_crop/card-page208.png
../img_crop/card-page209.png
../crosses.png

../img_crop/card-page160.png
../img_crop/card-page157.png
../img_crop/card-page154.png
../img_crop/card-page152.png
../img_crop/card-page150.png
../img_crop/card-page153.png
../img_crop/card-page151.png
../img_crop/card-page149.png
../crosses.png
../img_crop/card-page162.png
../img_crop/card-page159.png
../img_crop/card-page156.png
../img_crop/card-page161.png
../img_crop/card-page158.png
../img_crop/card-page155.png
../img_crop/card-page169.png
../img_crop/card-page166.png
../img_crop/card-page163.png
../img_crop/card-page180.png
../img_crop/card-page177.png
../img_crop/card-page174.png
../img_crop/card-page179.png
../img_crop/card-page176.png
../img_crop/card-page173.png
../img_crop/card-page178.png
../img_crop/card-page175.png
../img_crop/card-page172.png
../img_crop/card-page171.png
../img_crop/card-page168.png
../img_crop/card-page165.png
../img_crop/card-page170.png
../img_crop/card-page167.png
../img_crop/card-page164.png
../crosses.png
../crosses.png
../crosses.png
