../img-crosses/visitors-page001.png
../img-crosses/visitors-page002.png
../img-crosses/visitors-page003.png
../img-crosses/visitors-page004.png
../img-crosses/visitors-page005.png
../img-crosses/visitors-page006.png
../img-crosses/visitors-page007.png
../img-crosses/visitors-page008.png
../img-crosses/visitors-page009.png
../img-crosses/visitors-page010.png
../img-crosses/visitors-page011.png
../img-crosses/visitors-page012.png
../img-crosses/visitors-page013.png
../img-crosses/visitors-page014.png
../img-crosses/visitors-page015.png
../img-crosses/visitors-page016.png

../img-crosses/visitors-page017.png
../img-crosses/visitors-page018.png
../img-crosses/visitors-page019.png
../img-crosses/visitors-page020.png
../img-crosses/visitors-page021.png
../img-crosses/visitors-page022.png
../img-crosses/visitors-page023.png
../img-crosses/visitors-page024.png
../img-crosses/visitors-page025.png
../img-crosses/visitors-page026.png
../img-crosses/visitors-page027.png
../img-crosses/visitors-page028.png
../img-crosses/visitors-page029.png
../img-crosses/visitors-page030.png
../img-crosses/visitors-page031.png
../img-crosses/visitors-page032.png

../signs/summer-back.png
../signs/summer-back.png
../signs/summer-back.png
../signs/summer-back.png
../signs/summer-back.png
../signs/summer-back.png
../signs/summer-back.png
../signs/summer-back.png
../signs/summer-back.png
../signs/summer-back.png
../signs/summer-back.png
../signs/summer-back.png
../signs/summer-back.png
../signs/summer-back.png
../signs/summer-back.png
../signs/summer-back.png

../img-crosses/visitors-page037.png
../img-crosses/visitors-page038.png
../img-crosses/visitors-page039.png
../img-crosses/visitors-page040.png
../img-crosses/visitors-page041.png
../img-crosses/visitors-page042.png
../img-crosses/visitors-page043.png
../img-crosses/visitors-page044.png
../img-crosses/visitors-page045.png
../img-crosses/visitors-page046.png
../img-crosses/visitors-page047.png
../img-crosses/visitors-page048.png
../img-crosses/visitors-page049.png
../img-crosses/visitors-page050.png
../img-crosses/visitors-page051.png
../img-crosses/visitors-page052.png

../img-crosses/visitors-page053.png
../img-crosses/visitors-page054.png
../img-crosses/visitors-page055.png
../img-crosses/visitors-page056.png
../img-crosses/visitors-page057.png
../img-crosses/visitors-page058.png
../img-crosses/visitors-page059.png
../img-crosses/visitors-page060.png
../img-crosses/visitors-page061.png
../img-crosses/visitors-page062.png
../img-crosses/visitors-page063.png
../img-crosses/visitors-page064.png
../img-crosses/visitors-page065.png
../img-crosses/visitors-page066.png
../img-crosses/visitors-page067.png
../img-crosses/visitors-page068.png

../signs/winter-back.png
../signs/winter-back.png
../signs/winter-back.png
../signs/winter-back.png
../signs/winter-back.png
../signs/winter-back.png
../signs/winter-back.png
../signs/winter-back.png
../signs/winter-back.png
../signs/winter-back.png
../signs/winter-back.png
../signs/winter-back.png
../signs/winter-back.png
../signs/winter-back.png
../signs/winter-back.png
../signs/winter-back.png

../img-crosses/visitors-page033.png
../img-crosses/visitors-page034.png
../img-crosses/visitors-page035.png
../img-crosses/visitors-page036.png
../img-crosses/visitors-page075.png
../img-crosses/visitors-page076.png
../img-crosses/visitors-page069.png
../img-crosses/visitors-page070.png
../img-crosses/visitors-page071.png
../img-crosses/visitors-page072.png
../img-crosses/visitors-page073.png
../img-crosses/visitors-page074.png
../signs/blank.png
../signs/blank.png
../signs/blank.png
../signs/blank.png

../signs/summer-back.png
../signs/summer-back.png
../signs/summer-back.png
../signs/summer-back.png
../signs/winter-back.png
../signs/winter-back.png
../signs/summer-back.png
../signs/summer-back.png
../signs/winter-back.png
../signs/winter-back.png
../signs/winter-back.png
../signs/winter-back.png
../signs/blank.png
../signs/blank.png
../signs/blank.png
../signs/blank.png
