../img_crop/card-page001.png
../img_crop/card-page002.png
../img_crop/card-page003.png
../img_crop/card-page004.png
../img_crop/card-page005.png
../img_crop/card-page006.png
../img_crop/card-page007.png
../img_crop/card-page008.png
../img_crop/card-page009.png
../img_crop/card-page010.png
../img_crop/card-page011.png
../img_crop/card-page011.png
../img_crop/card-page011.png
../img_crop/card-page011.png
../img_crop/card-page012.png
../img_crop/card-page013.png
../img_crop/card-page014.png
../img_crop/card-page015.png
../img_crop/card-page016.png
../img_crop/card-page017.png
../img_crop/card-page017.png
../img_crop/card-page018.png
../img_crop/card-page018.png
../img_crop/card-page019.png
../img_crop/card-page019.png
../img_crop/card-page020.png
../img_crop/card-page021.png
../img_crop/card-page022.png
../img_crop/card-page023.png
../img_crop/card-page024.png
../img_crop/card-page025.png
../img_crop/card-page025.png
../img_crop/card-page026.png
../img_crop/card-page026.png
../img_crop/card-page027.png
../img_crop/card-page027.png
../img_crop/card-page028.png
../img_crop/card-page029.png
../img_crop/card-page030.png
../img_crop/card-page031.png
../img_crop/card-page032.png
../img_crop/card-page033.png
../img_crop/card-page034.png
../img_crop/card-page034.png
../img_crop/card-page034.png
../img_crop/card-page035.png
../img_crop/card-page035.png
../img_crop/card-page035.png
../img_crop/card-page035.png
../img_crop/card-page042.png
../img_crop/card-page042.png
../img_crop/card-page042.png
../img_crop/card-page042.png
../crosses.png
../img_crop/card-page040.png
../img_crop/card-page041.png
../img_crop/card-page043.png
../img_crop/card-page044.png
../img_crop/card-page044.png
../img_crop/card-page044.png
../img_crop/card-page045.png
../img_crop/card-page045.png
../img_crop/card-page045.png
../img_crop/card-page045.png
../img_crop/card-page045.png
../img_crop/card-page046.png
../img_crop/card-page046.png
../img_crop/card-page046.png
../img_crop/card-page046.png
../img_crop/card-page046.png
../img_crop/card-page047.png
../img_crop/card-page048.png
../img_crop/card-page048.png
../img_crop/card-page048.png
../img_crop/card-page049.png
../img_crop/card-page049.png
../img_crop/card-page049.png
../img_crop/card-page049.png
../img_crop/card-page049.png
../img_crop/card-page050.png
../img_crop/card-page050.png
../img_crop/card-page050.png
../img_crop/card-page050.png
../img_crop/card-page050.png
../img_crop/card-page051.png
../img_crop/card-page052.png
../img_crop/card-page052.png
../img_crop/card-page052.png
../img_crop/card-page053.png
../img_crop/card-page053.png
../img_crop/card-page053.png
../img_crop/card-page053.png
../img_crop/card-page053.png
../img_crop/card-page054.png
../img_crop/card-page054.png
../img_crop/card-page054.png
../img_crop/card-page054.png
../img_crop/card-page054.png
../img_crop/card-page055.png
../img_crop/card-page056.png
../img_crop/card-page056.png
../img_crop/card-page056.png
../img_crop/card-page057.png
../img_crop/card-page057.png
../img_crop/card-page057.png
../img_crop/card-page057.png
../img_crop/card-page057.png
../img_crop/card-page058.png
../img_crop/card-page058.png
../img_crop/card-page058.png
../img_crop/card-page058.png
../img_crop/card-page058.png
../img_crop/card-page059.png
../img_crop/card-page060.png
../img_crop/card-page060.png
../img_crop/card-page060.png
../img_crop/card-page061.png
../img_crop/card-page061.png
../img_crop/card-page061.png
../img_crop/card-page061.png
../img_crop/card-page061.png
../img_crop/card-page062.png
../img_crop/card-page062.png
../img_crop/card-page062.png
../img_crop/card-page062.png
../img_crop/card-page062.png
../img_crop/card-page037.png
../img_crop/card-page038.png
../img_crop/card-page039.png
../crosses.png
../img_crop/card-page036.png
../crosses.png
../crosses.png
../crosses.png
../crosses.png
