../tts-resized/tokens-clean/active.png
../tts-resized/tokens-clean/android.png
../tts-resized/tokens-clean/capital.png
../tts-resized/tokens-clean/consumable.png
../tts-resized/tokens-clean/development.png
../tts-resized/tokens-clean/energy.png
../tts-resized/tokens-clean/entertainment.png
../tts-resized/tokens-clean/GS+40.png
../tts-resized/tokens-clean/GS.png
../tts-resized/tokens-clean/HB+40.png
../tts-resized/tokens-clean/HB.png
../tts-resized/tokens-clean/humanfirst.png
../tts-resized/tokens-clean/illness.png
../tts-resized/tokens-clean/J+40.png
../tts-resized/tokens-clean/J.png
../tts-resized/tokens-clean/MM+40.png
../tts-resized/tokens-clean/MM.png
../tts-resized/tokens-clean/NBN+40.png
../tts-resized/tokens-clean/NBN.png
../tts-resized/tokens-clean/orgcrime.png
../tts-resized/tokens-clean/outage.png
../tts-resized/tokens-clean/prisec.png
../tts-resized/tokens-clean/requirement.png
../tts-resized/tokens-clean/round.png
../tts-resized/tokens-clean/tech.png
../tts-resized/tokens-clean/threat.png
../tts-resized/tokens-clean/unrest-back.png
../tts-resized/tokens-clean/unrest.png
../tts-resized/tokens-clean/W+40.png
../tts-resized/tokens-clean/W.png
